// Bun Snapshot v1, https://bun.sh/docs/test/snapshots

exports[`biomeGenerator output matches snapshot 1`] = `
"// ai-guardrails:sha256=653e2922369164e6f923a9c9687dcd27bdab0e330b31a77f48b35578ec4ab480
{
  "$schema": "https://biomejs.dev/schemas/2.3.15/schema.json",
  "linter": {
    "enabled": true,
    "rules": {
      "recommended": true,
      "correctness": {
        "noUnusedVariables": "error",
        "noUnusedImports": "error"
      },
      "style": {
        "useConst": "error",
        "useTemplate": "error"
      },
      "suspicious": {
        "noExplicitAny": "error",
        "noConsole": "warn"
      }
    }
  },
  "formatter": {
    "enabled": true,
    "indentStyle": "space",
    "indentWidth": 2,
    "lineWidth": 100
  },
  "javascript": {
    "formatter": {
      "quoteStyle": "double",
      "trailingCommas": "es5"
    }
  }
}"
`;
