// Bun Snapshot v1, https://bun.sh/docs/test/snapshots

exports[`biomeGenerator output matches snapshot 1`] = `
"// ai-guardrails:sha256=053aa28af53f4347e2e9dbc1ceb0eebd06be0820c256d875bc493448b58cdfd0
{
  "$schema": "https://biomejs.dev/schemas/2.4.6/schema.json",
  "linter": {
    "enabled": true,
    "rules": {
      "recommended": true,
      "correctness": {
        "noUnusedVariables": "error",
        "noUnusedImports": "error"
      },
      "style": {
        "useConst": "error",
        "useTemplate": "error"
      },
      "suspicious": {
        "noExplicitAny": "error",
        "noConsole": "error",
        "useBiomeIgnoreFolder": "off"
      }
    }
  },
  "formatter": {
    "enabled": true,
    "indentStyle": "space",
    "indentWidth": 2,
    "lineWidth": 100
  },
  "javascript": {
    "formatter": {
      "quoteStyle": "double",
      "trailingCommas": "es5"
    }
  }
}"
`;
