// Bun Snapshot v1, https://bun.sh/docs/test/snapshots

exports[`biomeGenerator output matches snapshot 1`] = `
"// ai-guardrails:sha256=16ce655059572d171fe12f96cb4d02a47b53913b100243920c44f328b998400e
{
  "$schema": "https://biomejs.dev/schemas/2.4.6/schema.json",
  "linter": {
    "enabled": true,
    "rules": {
      "recommended": true,
      "correctness": {
        "noUnusedVariables": "error",
        "noUnusedImports": "error"
      },
      "style": {
        "useConst": "error",
        "useTemplate": "error"
      },
      "suspicious": {
        "noExplicitAny": "error",
        "noConsole": "warn"
      }
    }
  },
  "formatter": {
    "enabled": true,
    "indentStyle": "space",
    "indentWidth": 2,
    "lineWidth": 100
  },
  "javascript": {
    "formatter": {
      "quoteStyle": "double",
      "trailingCommas": "es5"
    }
  }
}"
`;
