// Bun Snapshot v1, https://bun.sh/docs/test/snapshots

exports[`claudeSettingsGenerator generate output matches snapshot 1`] = `
"{
  "hooks": {
    "PreToolUse": [
      {
        "matcher": "Bash|Edit|Write|NotebookEdit|Read",
        "hooks": [
          {
            "type": "command",
            "command": "ai-guardrails-hk-cc-tools",
            "timeout": 60
          }
        ]
      }
    ],
    "PostToolUse": [
      {
        "matcher": "Edit|Write|NotebookEdit",
        "hooks": [
          {
            "type": "command",
            "command": "ai-guardrails-hk-cc-tools",
            "timeout": 60
          }
        ]
      }
    ]
  }
}"
`;
